---
source: rust/calib_dash/src/ui.rs
expression: out
---
 Fit │ Convergence │ Tolerances                                                                     
┌Tolerances────────────────────────────────────────────────────────────────────────────────────────┐
│RT residual: weighted half-width 6.5281s over 12 ridge column(s)                                  │
│range: 3.0000s .. 9.0000s                                                                         │
│                                                                                                  │
│m/z tolerance: (-8.5, 9.5) ppm                                                                    │
│mobility tolerance: (-3.0, 3.0) %                                                                 │
│RT tolerance (symmetric): ±12.5s across 42 calibrant(s)                                           │
│                                                                                                  │
│                                                                                                  │
│                                                                                                  │
│                                                                                                  │
│                                                                                                  │
│                                                                                                  │
│                                                                                                  │
│                                                                                                  │
│                                                                                                  │
│                                                                                                  │
│                                                                                                  │
│                                                                                                  │
│                                                                                                  │
│                                                                                                  │
│                                                                                                  │
│                                                                                                  │
│                                                                                                  │
│                                                                                                  │
│                                                                                                  │
│                                                                                                  │
└──────────────────────────────────────────────────────────────────────────────────────────────────┘
 b0 Grid cnt:- | n:next r:run q:detach ^C:abort [/]:stage h/l:tab <>:frame s/p/c/w:ovl d:dp
