---
source: rust/calib_dash/src/ui.rs
expression: out
---
 Fit │ Convergence │ Tolerances                                                                     
 SCRUBBED — retained frame 3/5, batch 17 (not live; `>` returns to now)                             
    ┌ Fit — observed RT (s) ↑ vs library RT (s) → ─────────────────────────────── b0 · Grid · none ┐
    │                                                                                  ████████████│
  15┤                                                                                  ████████████│
    │                                                                                  ████████████│
    │                                                                      █████████████           │
    │                                                                      █████████████           │
    │                                                                      █████████████           │
    │                                                          █████████████                       │
    │                                                          █████████████                       │
  10┤                                                          █████████████                       │
    │                                               ▓▓▓▓▓▓▓▓▓▓▓▓                                   │
    │                                               ▓▓▓▓▓▓▓▓▓▓▓▓                                   │
    │                                               ▓▓▓▓▓▓▓▓▓▓▓▓                                   │
    │                                   ▓▓▓▓▓▓▓▓▓▓▓▓                                               │
    │                                   ▓▓▓▓▓▓▓▓▓▓▓▓                                               │
    │                                   ▓▓▓▓▓▓▓▓▓▓▓▓                                               │
    │                       ▒▒▒▒▒▒▒▒▒▒▒▒▒                                                          │
   5┤                       ▒▒▒▒▒▒▒▒▒▒▒▒▒                                                          │
    │                       ▒▒▒▒▒▒▒▒▒▒▒▒▒                                                          │
    │           ▒▒▒▒▒▒▒▒▒▒▒▒▒                                                                      │
    │           ▒▒▒▒▒▒▒▒▒▒▒▒▒                                                                      │
    │           ▒▒▒▒▒▒▒▒▒▒▒▒▒                                                                      │
    │░░░░░░░░░░░░                                                                                  │
    │░░░░░░░░░░░░                                                                                  │
   0┤░░░░░░░░░░░░                                                                                  │
    └┴──────────────────────┴───────────────────────┴──────────────────────┴──────────────────────┴┘
     0                      2                       4                      6                      8 
 b0 Grid n · r · [ ] · < > · m M · d · h l · q · ^C                                          ? keys
