---
source: rust/calib_dash/src/ui.rs
expression: "render(&mut app, 100, 30)"
---
 Fit │ Convergence │ Tolerances                                                                     
      ▒▒▒▒▒▒▒                                                                                       
      ▒▒▒▒▒▒▒▄▄▄▄▄▄                                                                                 
            ▒▒▒▒▒▒▒                                                                                 
            ▀▀▀▀▀▀▒▄▄▄▄▄▄▄▄▄▄▄▄▄                                                                    
                  ▒▒▒▒▒▒▒▒▒▒▒▒▒▒                                                                    
                  ▀▀▀▀▀▀▀▀▀▀▀▀▀▓▓▓▓▓▓▓                                                              
                               ▓▓▓▓▓▓▓                                                              
                                     ▓▓▓▓▓▓▓▓▓▓▓▓▓                                                  
                                     ▓▓▓▓▓▓▓▓▓▓▓▓▓▄▄▄▄▄▄▄                                           
                                                  ▓▓▓▓▓▓▓                                           
                                                  ▀▀▀▀▀▀█▄▄▄▄▄▄                                     
                                                        ███████                                     
                                                        ▀▀▀▀▀▀▀                        ░░░░░░░      
                                                                                       ░░░░░░░      
                                                              ███████                               
                                                              ███████▄▄▄▄▄▄                         
                                                                    ███████                         
                                                                    ▀▀▀▀▀▀▀▄▄▄▄▄▄▄                  
                                                                           ███████                  
                                                                           ▀▀▀▀▀▀▀                  
                                                                                                    
                                                                                 ███████            
                                                                                 ███████            
                                                                                                    
                                                                                             ▄▄▄▄▄▄▄
                                                                                             ░░░░░░░
                                                                                             ▀▀▀▀▀▀▀
                                                                                                    
 b0 Grid cnt:- | n:next r:run q:detach ^C:abort [/]:stage d:dp
