---
source: rust/calib_dash/src/ui.rs
expression: "render_body(&mut app, 100, 30)"
---
 10 batches  |  retained frames: 6  stride: every 2  dropped: 4                                     
┌wrmse  peak 5  now 0.5000  (NaN holds)────────────────────────────────────────────────────────────┐
│█▄▂▂▁▁▁▁                                                                                          │
└──────────────────────────────────────────────────────────────────────────────────────────────────┘
┌max_d  peak 10  now 1  (NaN holds)────────────────────────────────────────────────────────────────┐
│█▄▂▂▁▁▁▁                                                                                          │
└──────────────────────────────────────────────────────────────────────────────────────────────────┘
┌mean_d  peak 4  now 0.4000  (NaN holds)───────────────────────────────────────────────────────────┐
│█                                                                                                 │
│██▅▄▃▂▂▂▁▁                                                                                        │
└──────────────────────────────────────────────────────────────────────────────────────────────────┘
┌path  peak 14  now 12─────────────────────────────────────────────────────────────────────────────┐
│▆▇█▆▇█▆▇█▆                                                                                        │
└──────────────────────────────────────────────────────────────────────────────────────────────────┘
┌ridge_hw  peak 2  now 1.1000  (NaN holds)─────────────────────────────────────────────────────────┐
│█▆▅▅▄▄▄▄▄▄                                                                                        │
└──────────────────────────────────────────────────────────────────────────────────────────────────┘
┌Batches (churn: admit/evict)──────────────────────────────────────────────────────────────────────┐
│chunk    n        wrmse    max_d    path     ridge_hw admit    evict                              │
│2        22       1.6667   3.3333   14       1.3333   2        0                                  │
│3        23       1.2500   2.5000   12       1.2500   0        1                                  │
│4        24       1        2        13       1.2000   1        0                                  │
│5        25       0.8333   1.6667   14       1.1667   2        1                                  │
│6        26       0.7143   1.4286   12       1.1429   0        0                                  │
│7        27       0.6250   1.2500   13       1.1250   1        1                                  │
│8        28       0.5556   1.1111   14       1.1111   2        0                                  │
│9        29       0.5000   1        12       1.1000   0        1                                  │
└──────────────────────────────────────────────────────────────────────────────────────────────────┘
