---
source: rust/calib_dash/src/ui.rs
expression: "render(&mut app, 100, 30)"
---
 Fit │ Convergence │ Tolerances                                                                     
      #▒▒▒▒▒▒                                                                                       
      ▒▒▒▒▒▒#▒▒▒▒▒▒                                                                                 
            ▒▒▒▒▒▒▒                                                                                 
            ▒▒▒▒▒▒.▒▒▒▒▒▒#▒▒▒▒▒▒                                                                    
                  ▒▒▒▒▒▒▒▒▒▒▒▒▒▒                                                                    
                  ▒▒▒▒▒▒▒▒▒▒▒▒▒#▓▓▓▓▓▓                                                              
                               ▓▓▓▓▓▓▓                                                              
                                     .▓▓▓▓▓#▓▓▓▓▓▓                                                  
                                     ▓▓▓▓▓▓▓▓▓▓▓▓▓#▓▓▓▓▓▓                                           
                                                  ▓▓▓▓▓▓▓                                           
                                                  ▓▓▓▓▓▓#██████                                     
                                                        ███████                                     
                                                        ███████                        ░░░░░░░      
                                                                                       ░░░░░░░      
                                                              #██████                               
                                                              ██████#██████                         
                                                                    ███████                         
                                                                    ███████#██████                  
                                                                           ███████                  
                                                                           ███████                  
                                                                                                    
                                                                                 #██████            
                                                                                 ███████            
                                                                                                    
                                                                                             +░░░░░░
                                                                                             ░░░░░░░
                                                                                             ░░░░░░░
                                                                                                    
 batch 0  stage:Path  count:-  |  n:next  Nn:skip N  r:run-to-end  q:detach  ctrl-c:abort  [/]:stage
