---
source: rust/calibrt/src/plotting.rs
assertion_line: 332
expression: plot
---
╔════════════════════════════════════════════════════════════════════════════════╗
║[96m●[0m                                      [90m│[0m                                       [96m●[0m║
║ [96m●[0m                                     [90m│[0m                                      [96m●[0m ║
║  [96m●[0m                                    [90m│[0m                                     [96m●[0m  ║
║                                       [90m│[0m                                        ║
║   [96m●[0m                                   [90m│[0m                                    [96m●[0m   ║
║    [96m●[0m                                  [90m│[0m                                   [96m●[0m    ║
║     [96m●[0m                                 [90m│[0m                                  [96m●[0m     ║
║                                       [90m│[0m                                        ║
║      [96m●[0m                                [90m│[0m                                 [96m●[0m      ║
║       [96m●[0m                               [90m│[0m                                [96m●[0m       ║
║        [96m●[0m                              [90m│[0m                               [96m●[0m        ║
║         [96m●[0m                             [90m│[0m                              [96m●[0m         ║
║          [96m●[0m                            [90m│[0m                             [96m●[0m          ║
║           [96m●[0m                           [90m│[0m                            [96m●[0m           ║
║            [96m●[0m                          [90m│[0m                           [96m●[0m            ║
║             [96m●[0m                         [90m│[0m                          [96m●[0m             ║
║              [96m●[0m                        [90m│[0m                         [96m●[0m              ║
║               [96m●[0m                       [90m│[0m                        [96m●[0m               ║
║                [96m●[0m                      [90m│[0m                       [96m●[0m                ║
║                 [96m●[0m                     [90m│[0m                      [96m●[0m                 ║
║                  [96m●[0m                    [90m│[0m                     [96m●[0m                  ║
║                   [96m●[0m[96m●[0m                  [90m│[0m                   [96m●[0m[96m●[0m                   ║
║                     [96m●[0m                 [90m│[0m                  [96m●[0m                     ║
║                      [96m●[0m[96m●[0m               [90m│[0m                [96m●[0m[96m●[0m                      ║
║                        [96m●[0m              [90m│[0m               [96m●[0m                        ║
║                         [96m●[0m[96m●[0m            [90m│[0m             [96m●[0m[96m●[0m                         ║
║                           [96m●[0m[96m●[0m[96m●[0m         [90m│[0m          [96m●[0m[96m●[0m[96m●[0m                           ║
║                              [96m●[0m[96m●[0m[96m●[0m      [90m│[0m       [96m●[0m[96m●[0m[96m●[0m                              ║
║                                 [96m●[0m[96m●[0m[96m●[0m[96m●[0m[96m●[0m[96m●[0m[90m│[0m [96m●[0m[96m●[0m[96m●[0m[96m●[0m[96m●[0m[96m●[0m                                 ║
║                                       [96m●[0m[96m●[0m                                       ║
╚════════════════════════════════════════════════════════════════════════════════╝

  X: [-5.00, 5.00]  Y: [0.00, 25.00]  Size: 80×30
